2026-09-29 13:51:00 [INFO] [DualRegime.Audit] Initialized daily audit logging -> /home/runner/work/alpaca-dual-regime-daytrader/alpaca-dual-regime-daytrader/data/audit/logs/2026-09-29.log
2026-09-29 13:51:00 [INFO] [DualRegime.Main] Initializing 09:40 AM Pre-Market Warmup Cycle...
2026-09-29 13:51:00 [INFO] [DualRegime.Scanner] Pre-fetching daily metrics for 500 tickers in vectorized batch (IEX)...
2026-09-29 13:51:14 [INFO] [DualRegime.Scanner] Daily metrics pre-computed for 500 valid symbols.
2026-09-29 13:51:14 [INFO] [DualRegime.Main] Target timestamp (13:45:00 UTC) already reached. Executing immediately.
2026-09-29 13:51:15 [INFO] [DualRegime.Scanner] SPY 09:45: $765.17 | SMA50: $761.98 | SMA200: $718.83 => REGIME: BULLISH
2026-09-29 13:51:15 [INFO] [DualRegime.Scanner] Using pre-cached daily metrics for 500 symbols.
2026-09-29 13:51:15 [INFO] [DualRegime.Scanner] Pulling 15m intraday bars for 500 tickers in vectorized batch (IEX)...
2026-09-29 13:51:17 [INFO] [DualRegime.Scanner] Intraday 15m bars retrieved for 471 symbols.
2026-09-29 13:51:17 [INFO] [DualRegime.Scanner] Screening cross-section for BULLISH setups...
2026-09-29 13:51:17 [INFO] [DualRegime.Scanner] Total fully qualified BULLISH candidates found: 27
2026-09-29 13:51:17 [INFO] [DualRegime.Scanner]    Candidate #1: KR    | Share Price: $  60.75 | Score: 0.0287 | RVOL: 2.15x
2026-09-29 13:51:17 [INFO] [DualRegime.Scanner]    Candidate #2: KMX   | Share Price: $  62.92 | Score: 0.3638 | RVOL: 10.82x
2026-09-29 13:51:17 [INFO] [DualRegime.Scanner]    Candidate #3: DAL   | Share Price: $  85.29 | Score: 0.0187 | RVOL: 2.53x
2026-09-29 13:51:17 [INFO] [DualRegime.Scanner]    Candidate #4: INTC  | Share Price: $ 116.97 | Score: 0.0083 | RVOL: 2.66x
2026-09-29 13:51:17 [INFO] [DualRegime.Scanner]    Candidate #5: NEM   | Share Price: $ 117.31 | Score: 0.0073 | RVOL: 1.58x
2026-09-29 13:51:17 [INFO] [DualRegime.Scanner]    Candidate #6: HOOD  | Share Price: $ 119.10 | Score: 0.0174 | RVOL: 1.70x
2026-09-29 13:51:17 [INFO] [DualRegime.Scanner]    Candidate #7: JCI   | Share Price: $ 150.51 | Score: 0.0262 | RVOL: 3.41x
2026-09-29 13:51:17 [INFO] [DualRegime.Scanner]    Candidate #8: GLW   | Share Price: $ 158.36 | Score: 0.1112 | RVOL: 1.98x
2026-09-29 13:51:17 [INFO] [DualRegime.Scanner]    Candidate #9: EWY   | Share Price: $ 186.52 | Score: 0.0163 | RVOL: 2.13x
2026-09-29 13:51:17 [INFO] [DualRegime.Scanner]    Candidate #10: XLK   | Share Price: $ 196.10 | Score: 0.0063 | RVOL: 1.56x
2026-09-29 13:51:17 [INFO] [DualRegime.Scanner]    Candidate #11: COIN  | Share Price: $ 197.41 | Score: 0.0348 | RVOL: 2.44x
2026-09-29 13:51:17 [INFO] [DualRegime.Scanner]    Candidate #12: KLAC  | Share Price: $ 197.41 | Score: 0.1477 | RVOL: 3.26x
2026-09-29 13:51:17 [INFO] [DualRegime.Scanner]    Candidate #13: ANET  | Share Price: $ 206.29 | Score: 0.0076 | RVOL: 2.13x
2026-09-29 13:51:17 [INFO] [DualRegime.Scanner]    Candidate #14: OKTA  | Share Price: $ 207.83 | Score: 0.0036 | RVOL: 1.79x
2026-09-29 13:51:17 [INFO] [DualRegime.Scanner]    Candidate #15: NVDA  | Share Price: $ 232.81 | Score: 0.0147 | RVOL: 3.46x
2026-09-29 13:51:17 [INFO] [DualRegime.State] State saved successfully to /home/runner/work/alpaca-dual-regime-daytrader/alpaca-dual-regime-daytrader/data/state.json
2026-09-29 13:51:17 [INFO] [DualRegime.Executor] Beginning Multi-Order Placement | Available Cash: $9,869.95 | Qualified Candidates: 27 | Max Positions: 50 | Throttle: 6.0 orders/sec
2026-09-29 13:51:17 [INFO] [DualRegime.Executor] [1/27] Submitting LONG Bracket: 1 share of KR @ Stop: $60.75 | SL: $60.02 (-1.2%) | TP: $62.88 (+3.5%) | Remaining Cash: $9809.20
2026-09-29 13:51:17 [INFO] [DualRegime.Executor]    -> Accepted by Alpaca matching engine! Order ID: 9151a72d-cd67-4061-b882-b0a0e0be0d34
2026-09-29 13:51:18 [INFO] [DualRegime.Executor] [2/27] Submitting LONG Bracket: 1 share of KMX @ Stop: $62.92 | SL: $62.16 (-1.2%) | TP: $65.12 (+3.5%) | Remaining Cash: $9746.28
2026-09-29 13:51:18 [INFO] [DualRegime.Executor]    -> Accepted by Alpaca matching engine! Order ID: 3dd31966-024e-46c9-92ad-b5fd2542a92d
2026-09-29 13:51:18 [INFO] [DualRegime.Executor] [3/27] Submitting LONG Bracket: 1 share of DAL @ Stop: $85.29 | SL: $84.27 (-1.2%) | TP: $88.28 (+3.5%) | Remaining Cash: $9660.99
2026-09-29 13:51:18 [INFO] [DualRegime.Executor]    -> Accepted by Alpaca matching engine! Order ID: d3d28e31-6020-4987-8eff-33ebbe328d41
2026-09-29 13:51:18 [INFO] [DualRegime.Executor] [4/27] Submitting LONG Bracket: 1 share of INTC @ Stop: $116.97 | SL: $115.57 (-1.2%) | TP: $121.06 (+3.5%) | Remaining Cash: $9544.02
2026-09-29 13:51:18 [INFO] [DualRegime.Executor]    -> Accepted by Alpaca matching engine! Order ID: 9d2108fb-b752-4a73-9782-660cf4f6020a
2026-09-29 13:51:18 [INFO] [DualRegime.Executor] [5/27] Submitting LONG Bracket: 1 share of NEM @ Stop: $117.31 | SL: $115.90 (-1.2%) | TP: $121.42 (+3.5%) | Remaining Cash: $9426.71
2026-09-29 13:51:18 [INFO] [DualRegime.Executor]    -> Accepted by Alpaca matching engine! Order ID: 1192624f-3b63-4c51-a3d3-e7396b6695ba
2026-09-29 13:51:18 [INFO] [DualRegime.Executor] [6/27] Submitting LONG Bracket: 1 share of HOOD @ Stop: $119.10 | SL: $117.67 (-1.2%) | TP: $123.27 (+3.5%) | Remaining Cash: $9307.61
2026-09-29 13:51:18 [INFO] [DualRegime.Executor]    -> Accepted by Alpaca matching engine! Order ID: 4a4d9152-a6dc-4e87-94a7-c74758ef1a06
2026-09-29 13:51:19 [INFO] [DualRegime.Executor] [7/27] Submitting LONG Bracket: 1 share of JCI @ Stop: $150.51 | SL: $148.70 (-1.2%) | TP: $155.78 (+3.5%) | Remaining Cash: $9157.10
2026-09-29 13:51:19 [INFO] [DualRegime.Executor]    -> Accepted by Alpaca matching engine! Order ID: 32342cf0-a820-4af2-9f95-09257116e657
2026-09-29 13:51:19 [INFO] [DualRegime.Executor] [8/27] Submitting LONG Bracket: 1 share of GLW @ Stop: $158.36 | SL: $156.46 (-1.2%) | TP: $163.90 (+3.5%) | Remaining Cash: $8998.74
2026-09-29 13:51:19 [INFO] [DualRegime.Executor]    -> Accepted by Alpaca matching engine! Order ID: 8158a5c7-2aad-4d56-99f0-b046ca9c9161
2026-09-29 13:51:19 [INFO] [DualRegime.Executor] [9/27] Submitting LONG Bracket: 1 share of EWY @ Stop: $186.52 | SL: $184.28 (-1.2%) | TP: $193.05 (+3.5%) | Remaining Cash: $8812.22
2026-09-29 13:51:19 [INFO] [DualRegime.Executor]    -> Accepted by Alpaca matching engine! Order ID: e5a4a93d-3200-4127-8221-1de638146874
2026-09-29 13:51:19 [INFO] [DualRegime.Executor] [10/27] Submitting LONG Bracket: 1 share of XLK @ Stop: $196.10 | SL: $193.75 (-1.2%) | TP: $202.96 (+3.5%) | Remaining Cash: $8616.12
2026-09-29 13:51:19 [INFO] [DualRegime.Executor]    -> Accepted by Alpaca matching engine! Order ID: 5e57ac2f-49f8-4592-9ffe-a3f8a65e13b3
2026-09-29 13:51:19 [INFO] [DualRegime.Executor] [11/27] Submitting LONG Bracket: 1 share of COIN @ Stop: $197.41 | SL: $195.04 (-1.2%) | TP: $204.32 (+3.5%) | Remaining Cash: $8418.71
2026-09-29 13:51:19 [INFO] [DualRegime.Executor]    -> Accepted by Alpaca matching engine! Order ID: db202ae1-f4f9-4c16-a082-83949b1d618b
2026-09-29 13:51:19 [INFO] [DualRegime.Executor] [12/27] Submitting LONG Bracket: 1 share of KLAC @ Stop: $197.41 | SL: $195.04 (-1.2%) | TP: $204.32 (+3.5%) | Remaining Cash: $8221.30
2026-09-29 13:51:19 [INFO] [DualRegime.Executor]    -> Accepted by Alpaca matching engine! Order ID: d822dd1b-e3fc-4ed2-a7f4-203aba6b40cc
2026-09-29 13:51:20 [INFO] [DualRegime.Executor] [13/27] Submitting LONG Bracket: 1 share of ANET @ Stop: $206.29 | SL: $203.81 (-1.2%) | TP: $213.51 (+3.5%) | Remaining Cash: $8015.01
2026-09-29 13:51:20 [INFO] [DualRegime.Executor]    -> Accepted by Alpaca matching engine! Order ID: 75ac23d7-99bd-4997-9c18-f2391c974666
2026-09-29 13:51:20 [INFO] [DualRegime.Executor] [14/27] Submitting LONG Bracket: 1 share of OKTA @ Stop: $207.83 | SL: $205.34 (-1.2%) | TP: $215.10 (+3.5%) | Remaining Cash: $7807.18
2026-09-29 13:51:20 [INFO] [DualRegime.Executor]    -> Accepted by Alpaca matching engine! Order ID: 3ed18db1-e573-48f7-a215-7b38ed22ee5c
2026-09-29 13:51:20 [INFO] [DualRegime.Executor] [15/27] Submitting LONG Bracket: 1 share of NVDA @ Stop: $232.81 | SL: $230.02 (-1.2%) | TP: $240.96 (+3.5%) | Remaining Cash: $7574.37
2026-09-29 13:51:20 [INFO] [DualRegime.Executor]    -> Accepted by Alpaca matching engine! Order ID: 34dad3b5-9e42-475f-83f5-02901aaa0a7e
2026-09-29 13:51:20 [INFO] [DualRegime.Executor] [16/27] Submitting LONG Bracket: 1 share of MRVL @ Stop: $262.77 | SL: $259.62 (-1.2%) | TP: $271.97 (+3.5%) | Remaining Cash: $7311.60
2026-09-29 13:51:20 [ERROR] [DualRegime.Executor] Failed to submit bracket order for MRVL: {"code":42210000,"market_price":"262.88","message":"stop price must be greater than current price","stop_price":"262.77"}
2026-09-29 13:51:20 [INFO] [DualRegime.Executor] [16/27] Submitting LONG Bracket: 1 share of ARM @ Stop: $293.80 | SL: $290.27 (-1.2%) | TP: $304.08 (+3.5%) | Remaining Cash: $7280.57
2026-09-29 13:51:20 [ERROR] [DualRegime.Executor] Failed to submit bracket order for ARM: {"code":42210000,"market_price":"297.87","message":"stop price must be greater than current price","stop_price":"293.8"}
2026-09-29 13:51:21 [INFO] [DualRegime.Executor] [16/27] Submitting LONG Bracket: 1 share of HLT @ Stop: $324.84 | SL: $320.94 (-1.2%) | TP: $336.21 (+3.5%) | Remaining Cash: $7249.53
2026-09-29 13:51:21 [INFO] [DualRegime.Executor]    -> Accepted by Alpaca matching engine! Order ID: 390e012c-784f-4015-a5fb-55faeaac3258
2026-09-29 13:51:21 [INFO] [DualRegime.Executor] [17/27] Submitting LONG Bracket: 1 share of LRCX @ Stop: $328.14 | SL: $324.20 (-1.2%) | TP: $339.62 (+3.5%) | Remaining Cash: $6921.39
2026-09-29 13:51:21 [INFO] [DualRegime.Executor]    -> Accepted by Alpaca matching engine! Order ID: ac4f0bc2-018a-40c0-bf61-044e59ca61b8
2026-09-29 13:51:21 [INFO] [DualRegime.Executor] [18/27] Submitting LONG Bracket: 1 share of TSLA @ Stop: $358.57 | SL: $354.27 (-1.2%) | TP: $371.12 (+3.5%) | Remaining Cash: $6562.82
2026-09-29 13:51:21 [INFO] [DualRegime.Executor]    -> Accepted by Alpaca matching engine! Order ID: 85105108-c2d5-4cf0-accc-0551e68df266
2026-09-29 13:51:21 [INFO] [DualRegime.Executor] [19/27] Submitting LONG Bracket: 1 share of NTRA @ Stop: $420.75 | SL: $415.70 (-1.2%) | TP: $435.48 (+3.5%) | Remaining Cash: $6142.07
2026-09-29 13:51:21 [INFO] [DualRegime.Executor]    -> Accepted by Alpaca matching engine! Order ID: bcbbb20d-4b21-4c8d-8843-22e41bf61cd7
2026-09-29 13:51:21 [INFO] [DualRegime.Executor] [20/27] Submitting LONG Bracket: 1 share of ETN @ Stop: $437.05 | SL: $431.81 (-1.2%) | TP: $452.35 (+3.5%) | Remaining Cash: $5705.02
2026-09-29 13:51:21 [INFO] [DualRegime.Executor]    -> Accepted by Alpaca matching engine! Order ID: ff4112ca-2a44-4a41-8f62-877f6dede532
2026-09-29 13:51:21 [INFO] [DualRegime.Executor] [21/27] Submitting LONG Bracket: 1 share of AMAT @ Stop: $511.54 | SL: $505.40 (-1.2%) | TP: $529.44 (+3.5%) | Remaining Cash: $5193.48
2026-09-29 13:51:21 [INFO] [DualRegime.Executor]    -> Accepted by Alpaca matching engine! Order ID: b9b7b741-b38e-488d-ae16-16e11a59f65e
2026-09-29 13:51:22 [INFO] [DualRegime.Executor] [22/27] Submitting LONG Bracket: 1 share of SMH @ Stop: $609.15 | SL: $601.84 (-1.2%) | TP: $630.47 (+3.5%) | Remaining Cash: $4584.33
2026-09-29 13:51:22 [INFO] [DualRegime.Executor]    -> Accepted by Alpaca matching engine! Order ID: 71695f50-f2e4-45b2-8e38-7dd0be971252
2026-09-29 13:51:22 [INFO] [DualRegime.Executor] [23/27] Submitting LONG Bracket: 1 share of META @ Stop: $727.38 | SL: $718.65 (-1.2%) | TP: $752.84 (+3.5%) | Remaining Cash: $3856.95
2026-09-29 13:51:22 [INFO] [DualRegime.Executor]    -> Accepted by Alpaca matching engine! Order ID: b2d41a98-4304-4f40-85ed-f477b1fd1f23
2026-09-29 13:51:22 [INFO] [DualRegime.Executor] [24/27] Submitting LONG Bracket: 1 share of STX @ Stop: $942.77 | SL: $931.46 (-1.2%) | TP: $975.77 (+3.5%) | Remaining Cash: $2914.18
2026-09-29 13:51:22 [INFO] [DualRegime.Executor]    -> Accepted by Alpaca matching engine! Order ID: 9ea91f41-aacd-49f1-8b36-6fcd2154130b
2026-09-29 13:51:22 [INFO] [DualRegime.Executor] [25/27] Submitting LONG Bracket: 1 share of MU @ Stop: $1078.77 | SL: $1065.82 (-1.2%) | TP: $1116.53 (+3.5%) | Remaining Cash: $1835.41
2026-09-29 13:51:22 [INFO] [DualRegime.Executor]    -> Accepted by Alpaca matching engine! Order ID: ce95e585-abba-468e-a74b-4c779a5418d4
2026-09-29 13:51:22 [INFO] [DualRegime.Executor] Multi-Order Submission Complete! Placed 25 orders. Total Capital Committed: $8,034.54 | Remaining Cash Reserve: $1,835.41
2026-09-29 13:51:22 [INFO] [DualRegime.State] State saved successfully to /home/runner/work/alpaca-dual-regime-daytrader/alpaca-dual-regime-daytrader/data/state.json
